#!/bin/bash
#SBATCH --job-name=testsite-TEST-p08-042fe608
#SBATCH --account=ras
#SBATCH --partition=compute
#SBATCH --qos=normal
#SBATCH --nodelist=node01
#SBATCH --nodes=1
#SBATCH --ntasks=1
#SBATCH --cpus-per-task=4
#SBATCH --mem=14336M
#SBATCH --time=2-00:00:00
#SBATCH --output=/shared/jobs/ras/testsite-TEST-p08-042fe608/slurm-%j.out
#SBATCH --signal=B:TERM@120
set -u
umask 002

JOB_ROOT=/shared/jobs/ras/testsite-TEST-p08-042fe608
IMAGE=/shared/images/ras-hecras-6.6-test.sif
IMAGE_SHA256=64e1d120207c6c5ea132748a1e5276ef89c474a8be8abd373d1b4ce68320f3b0
ENGINE_SHA256=1ffa155be8fd7b07a5f73f6f86a7b8ac6f36211e40a9ce4de4a399bc88cc1af3
REQUEST_SHA256=042fe6085eef0eed072a0cb7851aa50c02403c01e45042e7d78c7e03a6c31b8e
JOB_NAME=testsite-TEST-p08-042fe608
CONTAINER_IDENTITY=sif:sha256:64e1d120207c6c5ea132748a1e5276ef89c474a8be8abd373d1b4ce68320f3b0
NUM_CORES=4
NODE_SCRATCH_ROOT=/scratch
APPTAINER=apptainer
PROJECT=TEST
PLAN=08
XTOKEN=x02

OUT_FINAL="$JOB_ROOT/out/$SLURM_JOB_ID"
OUT="$OUT_FINAL.partial"
SCRATCH="$NODE_SCRATCH_ROOT/$SLURM_JOB_ID/ras"
WORK="$SCRATCH/job"
STARTED=$(date -u +%Y-%m-%dT%H:%M:%S+00:00)
T0=$SECONDS
STATUS=failed; REASON=LAUNCH_FAILED; DETAIL=""; RC=1; COPY_OK=false
ENGINE_PID=""; TERMINATED=0
trap 'TERMINATED=1; [ -n "$ENGINE_PID" ] && kill -TERM "$ENGINE_PID" 2>/dev/null' TERM

sha_of() { sha256sum "$1" | cut -d' ' -f1; }

inventory_json() {  # inventory_json <dir> <name-prefix>
  local dir=$1 prefix=$2 sep="" f n
  while IFS= read -r f; do
    n=${f#"$dir"/}
    printf '%s\n    "%s%s": {"sha256": "%s", "size_bytes": %s}' "$sep" "$prefix" "$n" "$(sha_of "$f")" "$(stat -c %s "$f")"
    sep=","
  done < <(find "$dir" -type f ! -name SHA256SUMS ! -name receipt.json | LC_ALL=C sort)
}

write_receipt() {
  local finished node
  finished=$(date -u +%Y-%m-%dT%H:%M:%S+00:00)
  node=${SLURMD_NODENAME:-unknown}
  {
    printf '{\n'
    printf '  "schema": "ras-commander-apptainer-receipt/v1",\n'
    printf '  "request_sha256": "%s",\n' "$REQUEST_SHA256"
    printf '  "job_name": "%s",\n' "$JOB_NAME"
    printf '  "slurm_job_id": "%s",\n' "$SLURM_JOB_ID"
    printf '  "node": "%s",\n' "$node"
    printf '  "container_identity": "%s",\n' "$CONTAINER_IDENTITY"
    printf '  "apptainer_image_sha256": "%s",\n' "$IMAGE_SHA256"
    printf '  "status": "%s",\n' "$STATUS"
    printf '  "reason_code": "%s",\n' "$REASON"
    printf '  "exit_code": %s,\n' "$RC"
    printf '  "started_at": "%s",\n' "$STARTED"
    printf '  "finished_at": "%s",\n' "$finished"
    printf '  "elapsed_seconds": %s,\n' "$((SECONDS - T0))"
    printf '  "num_cores": %s,\n' "$NUM_CORES"
    printf '  "input_hashes": {%s\n  },\n' "$(inventory_json "$JOB_ROOT/inputs" "")"
    printf '  "outputs": {%s\n  },\n' "$(inventory_json "$OUT" "")"
    printf '  "copy_verified": %s,\n' "$COPY_OK"
    printf '  "detail": "%s"\n' "$(printf '%s' "$DETAIL" | tr -cd 'A-Za-z0-9 ._:/=-')"
    printf '}\n'
  } > "$OUT/receipt.json"
}

copy_back() {
  mkdir -p "$OUT/project" "$OUT/logs" || return 1
  local f n sum
  for f in "$WORK"/*; do
    [ -f "$f" ] && [ ! -L "$f" ] || continue
    n=$(basename "$f"); sum=$(sha_of "$f")
    # Unchanged staged inputs are not copied back; everything else is hash-verified.
    if grep -qxF "$sum  $n" "$SCRATCH/input.sha256"; then continue; fi
    cp -p "$f" "$OUT/project/$n" || return 1
    [ "$(sha_of "$OUT/project/$n")" = "$sum" ] || return 1
  done
  [ -f "$SCRATCH/engine.log" ] && cp -p "$SCRATCH/engine.log" "$OUT/logs/engine.log"
  return 0
}

run_job() {
  [ "$(sha_of "$IMAGE")" = "$IMAGE_SHA256" ] || { REASON=IMAGE_MISMATCH; return 1; }
  [ "$(sha_of "$JOB_ROOT/engine.sh")" = "$ENGINE_SHA256" ] || { REASON=ENGINE_SCRIPT_MISMATCH; return 1; }
  (cd "$JOB_ROOT/inputs" && sha256sum --quiet -c SHA256SUMS) || { REASON=INPUT_MISMATCH; return 1; }
  mkdir -p "$WORK" "$SCRATCH/tmp" "$SCRATCH/control" || { REASON=SCRATCH_FAILED; return 1; }
  while read -r _ name; do
    cp -p "$JOB_ROOT/inputs/$name" "$WORK/$name" || { REASON=STAGE_FAILED; return 1; }
  done < "$JOB_ROOT/inputs/SHA256SUMS"
  cp -p "$JOB_ROOT/inputs/SHA256SUMS" "$SCRATCH/input.sha256"
  cp -p "$JOB_ROOT/engine.sh" "$SCRATCH/control/engine.sh"
  (cd "$WORK" && sha256sum --quiet -c "$SCRATCH/input.sha256") || { REASON=STAGE_MISMATCH; return 1; }

  "$APPTAINER" exec --cleanenv \
    --bind "$WORK:/job" --bind "$SCRATCH/control:/control:ro" --bind "$SCRATCH/tmp:/tmp" \
    --pwd /job "$IMAGE" bash /control/engine.sh > "$SCRATCH/engine.log" 2>&1 &
  ENGINE_PID=$!
  wait "$ENGINE_PID"; RC=$?
  if [ "$TERMINATED" -eq 1 ]; then wait "$ENGINE_PID" 2>/dev/null; REASON=TERMINATED; return 1; fi
  if [ "$RC" -ne 0 ]; then REASON=COMPUTE_FAILED; return 1; fi
  REASON=COMPLETED
  return 0
}

run_job
JOB_OK=$?
mkdir -p "$JOB_ROOT/out" && mkdir "$OUT" || { echo "output directory exists: $OUT" >&2; exit 2; }
if [ -d "$WORK" ]; then
  if copy_back; then COPY_OK=true; else REASON=COPY_BACK_FAILED; DETAIL="copy-back or hash verification failed"; fi
fi
if [ "$JOB_OK" -eq 0 ] && [ "$COPY_OK" = true ]; then STATUS=succeeded; RC=0; else STATUS=failed; [ "$RC" -ne 0 ] || RC=1; fi
[ "$STATUS" = succeeded ] || [ "$REASON" != COMPLETED ] || REASON=COPY_BACK_FAILED
write_receipt
(cd "$OUT" && find . -type f ! -name SHA256SUMS | LC_ALL=C sort | sed 's#^\./##' | xargs -d '\n' sha256sum > SHA256SUMS)
mv "$OUT" "$OUT_FINAL" || exit 2
# Failed scratch is preserved as diagnostic evidence; only a verified success is removed.
if [ "$STATUS" = succeeded ]; then rm -rf "$NODE_SCRATCH_ROOT/$SLURM_JOB_ID/ras"; fi
[ "$STATUS" = succeeded ]
